logs/baseline_slide64_20260319-220308.txt
val_bpb:enabled tokenizer_kind=sentencepiece tokenizer_path=./data/tokenizers/fineweb_1024_bpe.model
train_loader:dataset:fineweb10B_sp1024 train_shards:1
val_loader:shards pattern=./data/datasets/fineweb10B_sp1024/fineweb_val_*.bin tokens:62021632
model_params:17059912
world_size:1 grad_accum_steps:8
sdp_backends:cudnn=False flash=True mem_efficient=False math=False
attention_mode:gqa num_heads:8 num_kv_heads:4
tie_embeddings:True embed_lr:0.05 head_lr:0.0 matrix_lr:0.04 scalar_lr:0.04
train_batch_tokens:524288 train_seq_len:1024 iterations:20000 warmup_steps:20 max_wallclock_seconds:600.000
seed:1337
warmup_step:1/20
warmup_step:2/20
warmup_step:3/20
warmup_step:4/20
warmup_step:5/20
warmup_step:6/20
warmup_step:7/20
warmup_step:8/20
warmup_step:9/20
warmup_step:10/20
warmup_step:11/20
warmup_step:12/20
warmup_step:13/20
warmup_step:14/20
warmup_step:15/20
warmup_step:16/20
warmup_step:17/20
warmup_step:18/20
warmup_step:19/20
warmup_step:20/20
step:0/20000 val_loss:6.9357 val_bpb:4.1077 train_time:0ms step_avg:0.02ms
step:1/20000 train_loss:6.9357 train_time:517ms step_avg:517.14ms
step:2/20000 train_loss:16.7414 train_time:1031ms step_avg:515.30ms
step:3/20000 train_loss:8.9105 train_time:1639ms step_avg:546.23ms
step:4/20000 train_loss:6.5790 train_time:2268ms step_avg:567.08ms
step:5/20000 train_loss:6.5467 train_time:2936ms step_avg:587.30ms
step:6/20000 train_loss:6.6175 train_time:3528ms step_avg:588.06ms
step:7/20000 train_loss:6.2970 train_time:4164ms step_avg:594.87ms
step:8/20000 train_loss:6.1598 train_time:4706ms step_avg:588.21ms
step:9/20000 train_loss:6.0646 train_time:5272ms step_avg:585.74ms
step:10/20000 train_loss:5.9794 train_time:5896ms step_avg:589.56ms
step:200/20000 train_loss:2.7970 train_time:106529ms step_avg:532.64ms
step:400/20000 train_loss:2.5358 train_time:211939ms step_avg:529.85ms
step:600/20000 train_loss:2.4714 train_time:315611ms step_avg:526.02ms
step:800/20000 train_loss:2.2673 train_time:421342ms step_avg:526.68ms
step:1000/20000 train_loss:2.3868 train_time:528141ms step_avg:528.14ms
step:1000/20000 val_loss:2.3219 val_bpb:1.3752 train_time:528149ms step_avg:528.15ms
step:1134/20000 val_loss:2.3066 val_bpb:1.3661 train_time:600152ms step_avg:529.23ms
stopping_early: wallclock_cap train_time:600152ms step:1134/20000
peak memory allocated: 10239 MiB reserved: 10554 MiB
Serialized model: 67224983 bytes
Code size: 53583 bytes
Total submission size: 67278566 bytes
Serialized model int8+zlib: 12821482 bytes (payload:17178912 raw_torch:17224025 payload_ratio:3.91x)
Total submission size int8+zlib: 12875065 bytes
final_int8_zlib_roundtrip val_loss:2.3094 val_bpb:1.3677 eval_time:11144ms
final_int8_zlib_roundtrip_exact val_loss:2.30935965 val_bpb:1.36773287
sliding_window_eval stride=64 batch_seqs=1024
  sliding_eval [  0.1%] 1024/969088 windows running_bpb=1.366133
  sliding_eval [  5.4%] 52224/969088 windows running_bpb=1.345695
  sliding_eval [ 10.7%] 103424/969088 windows running_bpb=1.345802
  sliding_eval [ 16.0%] 154624/969088 windows running_bpb=1.345276
  sliding_eval [ 21.2%] 205824/969088 windows running_bpb=1.345513
  sliding_eval [ 26.5%] 257024/969088 windows running_bpb=1.342289
  sliding_eval [ 31.8%] 308224/969088 windows running_bpb=1.339472
  sliding_eval [ 37.1%] 359424/969088 windows running_bpb=1.335311
  sliding_eval [ 42.4%] 410624/969088 windows running_bpb=1.334814
  sliding_eval [ 47.7%] 461824/969088 windows running_bpb=1.335044
  sliding_eval [ 52.9%] 513024/969088 windows running_bpb=1.336550
  sliding_eval [ 58.2%] 564224/969088 windows running_bpb=1.338107
  sliding_eval [ 63.5%] 615424/969088 windows running_bpb=1.336611
  sliding_eval [ 68.8%] 666624/969088 windows running_bpb=1.334241
  sliding_eval [ 74.1%] 717824/969088 windows running_bpb=1.333504
  sliding_eval [ 79.4%] 769024/969088 windows running_bpb=1.335230
  sliding_eval [ 84.6%] 820224/969088 windows running_bpb=1.336622
  sliding_eval [ 89.9%] 871424/969088 windows running_bpb=1.337276
  sliding_eval [ 95.2%] 922624/969088 windows running_bpb=1.336054
final_int8_zlib_roundtrip_sliding val_loss:2.2543 val_bpb:1.3351 eval_time:544468ms
final_int8_zlib_roundtrip_sliding_exact val_loss:2.25425229 val_bpb:1.33509689
